
[1m[46m RUN [49m[22m [36mv4.0.16 [39m[90mC:/Users/TRUST/Desktop/SafiLocate[39m

[90mstdout[2m | tests/integration/claims.test.ts[2m > [22m[2mClaims Integration[2m > [22m[2mshould setup users
[22m[39m8:57:32 AM [express] POST /api/register 201 in 8518ms :: {"id":"00b36c87-b789-4879-9b8d-5ca4f5cd63ea","username":"owner_1766732243660","role":"user","email":"owner_1766732243660@example.com","phone":"0780000002","isActive":true,"createdBy":null,"createdAt":"2025-12-26T06:57:30.758Z","updatedAt":"2025-12-26T06:57:30.758Z"}

[90mstdout[2m | tests/integration/claims.test.ts[2m > [22m[2mClaims Integration[2m > [22m[2mshould setup users
[22m[39m8:57:34 AM [express] POST /api/login 200 in 2074ms :: {"id":"00b36c87-b789-4879-9b8d-5ca4f5cd63ea","username":"owner_1766732243660","role":"user","email":"owner_1766732243660@example.com","phone":"0780000002","isActive":true,"createdBy":null,"createdAt":"2025-12-26T06:57:30.758Z","updatedAt":"2025-12-26T06:57:30.758Z"}

[90mstdout[2m | tests/integration/claims.test.ts[2m > [22m[2mClaims Integration[2m > [22m[2mshould setup users
[22m[39m8:57:36 AM [express] POST /api/register 201 in 2065ms :: {"id":"baf813d7-07b1-447c-8026-2d68c4d93de1","username":"finder_1766732243660","role":"user","email":"finder_1766732243660@example.com","phone":"0780000001","isActive":true,"createdBy":null,"createdAt":"2025-12-26T06:57:35.819Z","updatedAt":"2025-12-26T06:57:35.819Z"}

[90mstdout[2m | tests/integration/claims.test.ts[2m > [22m[2mClaims Integration[2m > [22m[2mshould setup users
[22m[39m8:57:39 AM [express] POST /api/login 200 in 2209ms :: {"id":"baf813d7-07b1-447c-8026-2d68c4d93de1","username":"finder_1766732243660","role":"user","email":"finder_1766732243660@example.com","phone":"0780000001","isActive":true,"createdBy":null,"createdAt":"2025-12-26T06:57:35.819Z","updatedAt":"2025-12-26T06:57:35.819Z"}

node.exe : [90mstderr[2m | 
tests/integration/claims.test.ts[2m > [22m[2mClaims 
Integration[2m > [22m[2mshould create a lost item as 
owner
At line:1 char:1
+ & "C:\Program Files\nodejs/node.exe" "C:\Program 
Files\nodejs/node_mo ...
+ ~~~~~~~~~~~~~~~~~~~~~~~~~~~~~~~~~~~~~~~~~~~~~~~~~~~~~~~~
~~~~~~~~~~~~~
    + CategoryInfo          : NotSpecified: ([90mstderr 
   [2m...t item as owner:String) [], RemoteException
    + FullyQualifiedErrorId : NativeCommandError
 
[22m[39mLost item validation/creation error: error: 
function array_to_string(record, unknown) does not exist
    at [90mC:\Users\TRUST\Desktop\SafiLocate\[39mnode_mo
dules\[4mpg-pool[24m\index.js:45:11
[90m    at processTicksAndRejections 
(node:internal/process/task_queues:103:5)[39m
    at [90mfile:///C:/Users/TRUST/Desktop/SafiLocate/[39
mnode_modules/[4mdrizzle-orm[24m/node-postgres/session.j
s:83:22
    at PgStorage.createLostItem (C:/Users/TRUST/Desktop/Sa
fiLocate/server/storage-pg.ts:262:23)
    at 
C:/Users/TRUST/Desktop/SafiLocate/server/routes.ts:127:20 
{
  length: [33m226[39m,
  severity: [32m'ERROR'[39m,
  code: [32m'42883'[39m,
  detail: [90mundefined[39m,
  hint: [32m'No function matches the given name and 
argument types. You might need to add explicit type 
casts.'[39m,
  position: [32m'596'[39m,
  internalPosition: [90mundefined[39m,
  internalQuery: [90mundefined[39m,
  where: [90mundefined[39m,
  schema: [90mundefined[39m,
  table: [90mundefined[39m,
  column: [90mundefined[39m,
  dataType: [90mundefined[39m,
  constraint: [90mundefined[39m,
  file: [32m'parse_func.c'[39m,
  line: [32m'629'[39m,
  routine: [32m'ParseFuncOrColumn'[39m
}

[90mstdout[2m | tests/integration/claims.test.ts[2m > [22m[2mClaims Integration[2m > [22m[2mshould create a lost item as owner
[22m[39m8:57:45 AM [express] POST /api/lost-items 400 in 6367ms :: {"error":"Invalid data","details":"function array_to_string(record, unknown) does not exist"}

[90mstdout[2m | tests/integration/claims.test.ts[2m > [22m[2mClaims Integration[2m > [22m[2mshould submit a claim as finder
[22m[39m8:57:47 AM [express] POST /api/claims 400 in 1289ms :: {"error":"Invalid claim data"}

 [31mΓ¥»[39m tests/integration/claims.test.ts [2m([22m[2m3 tests[22m[2m | [22m[31m2 failed[39m[2m)[22m[33m 23335[2mms[22m[39m
     [33m[2mΓ£ô[22m[39m should setup users [33m 15507[2mms[22m[39m
[31m     [31m├ù[31m should create a lost item as owner[39m[33m 6523[2mms[22m[39m
[31m     [31m├ù[31m should submit a claim as finder[39m[33m 1300[2mms[22m[39m

[31mΓÄ»ΓÄ»ΓÄ»ΓÄ»ΓÄ»ΓÄ»ΓÄ»[39m[1m[41m Failed Tests 2 
[49m[22m[31mΓÄ»ΓÄ»ΓÄ»ΓÄ»ΓÄ»ΓÄ»ΓÄ»[39m

[41m[1m FAIL [22m[49m 
tests/integration/claims.test.ts[2m > [22mClaims 
Integration[2m > [22mshould create a lost item as owner
[31m[1mAssertionError[22m: expected 400 to be 200 // 
Object.is equality[39m

[32m- Expected[39m
[31m+ Received[39m

[32m- 200[39m
[31m+ 400[39m

[36m [2mΓ¥»[22m 
tests/integration/claims.test.ts:[2m66:28[22m[39m
    [90m 64| [39m            
[33m.[39m[34msend[39m(itemData)[33m;[39m
    [90m 65| [39m
    [90m 66| [39m        [34mexpect[39m(res[33m.[39m
status)[33m.[39m[34mtoBe[39m([34m200[39m)[33m;[39m
    [90m   | [39m                           [31m^[39m
    [90m 67| [39m        if (res.status !== 200) 
console.log("LOST ITEM CREATE ERROR:",ΓÇª
    [90m 68| [39m        [34mexpect[39m(res[33m.[39m
body)[33m.[39m[34mtoHaveProperty[39m([32m"id"[39m)[
33m;[39m

[31m[2mΓÄ»ΓÄ»ΓÄ»ΓÄ»ΓÄ»ΓÄ»ΓÄ»ΓÄ»ΓÄ»ΓÄ»ΓÄ»ΓÄ»ΓÄ»ΓÄ»ΓÄ»ΓÄ»Γ
Ä»ΓÄ»ΓÄ»ΓÄ»ΓÄ»ΓÄ»ΓÄ»ΓÄ»[1/2]ΓÄ»[22m[39m

[41m[1m FAIL [22m[49m 
tests/integration/claims.test.ts[2m > [22mClaims 
Integration[2m > [22mshould submit a claim as finder
[31m[1mAssertionError[22m: expected 400 to be 201 // 
Object.is equality[39m

[32m- Expected[39m
[31m+ Received[39m

[32m- 201[39m
[31m+ 400[39m

[36m [2mΓ¥»[22m 
tests/integration/claims.test.ts:[2m86:28[22m[39m
    [90m 84| [39m            
[33m.[39m[34msend[39m(claimData)[33m;[39m
    [90m 85| [39m
    [90m 86| [39m        [34mexpect[39m(res[33m.[39m
status)[33m.[39m[34mtoBe[39m([34m201[39m)[33m;[39m
    [90m   | [39m                           [31m^[39m
    [90m 87| [39m        if (res.status !== 201) 
console.log("CLAIM CREATE ERROR:", JSOΓÇª
    [90m 88| [39m        [34mexpect[39m(res[33m.[39m
body[33m.[39mitemId)[33m.[39m[34mtoBe[39m(itemId)[3
3m;[39m

[31m[2mΓÄ»ΓÄ»ΓÄ»ΓÄ»ΓÄ»ΓÄ»ΓÄ»ΓÄ»ΓÄ»ΓÄ»ΓÄ»ΓÄ»ΓÄ»ΓÄ»ΓÄ»ΓÄ»Γ
Ä»ΓÄ»ΓÄ»ΓÄ»ΓÄ»ΓÄ»ΓÄ»ΓÄ»[2/2]ΓÄ»[22m[39m


[2m Test Files [22m [1m[31m1 failed[39m[22m[90m (1)[39m
[2m      Tests [22m [1m[31m2 failed[39m[22m[2m | [22m[1m[32m1 passed[39m[22m[90m (3)[39m
[2m   Start at [22m 08:57:12
[2m   Duration [22m 34.98s[2m (transform 2.03s, setup 506ms, import 10.31s, tests 23.34s, environment 0ms)[22m

